============================= test session starts =============================
platform win32 -- Python 3.11.9, pytest-7.4.3, pluggy-1.6.0 -- C:\Users\DELL\AppData\Local\Programs\Python\Python311\python.exe
cachedir: .pytest_cache
rootdir: C:\Users\DELL\Desktop\demi
configfile: pytest.ini
plugins: anyio-3.7.1, langsmith-0.4.59, asyncio-0.21.1, cov-7.0.0
asyncio: mode=Mode.STRICT
collecting ... collected 0 items / 2 errors

=================================== ERRORS ====================================
_____________________ ERROR collecting materials/tests.py _____________________
..\..\AppData\Local\Programs\Python\Python311\Lib\site-packages\_pytest\runner.py:341: in from_call
    result: Optional[TResult] = func()
..\..\AppData\Local\Programs\Python\Python311\Lib\site-packages\_pytest\runner.py:372: in <lambda>
    call = CallInfo.from_call(lambda: list(collector.collect()), "collect")
..\..\AppData\Local\Programs\Python\Python311\Lib\site-packages\_pytest\python.py:531: in collect
    self._inject_setup_module_fixture()
..\..\AppData\Local\Programs\Python\Python311\Lib\site-packages\_pytest\python.py:545: in _inject_setup_module_fixture
    self.obj, ("setUpModule", "setup_module")
..\..\AppData\Local\Programs\Python\Python311\Lib\site-packages\_pytest\python.py:310: in obj
    self._obj = obj = self._getobj()
..\..\AppData\Local\Programs\Python\Python311\Lib\site-packages\_pytest\python.py:528: in _getobj
    return self._importtestmodule()
..\..\AppData\Local\Programs\Python\Python311\Lib\site-packages\_pytest\python.py:617: in _importtestmodule
    mod = import_path(self.path, mode=importmode, root=self.config.rootpath)
..\..\AppData\Local\Programs\Python\Python311\Lib\site-packages\_pytest\pathlib.py:567: in import_path
    importlib.import_module(module_name)
..\..\AppData\Local\Programs\Python\Python311\Lib\importlib\__init__.py:126: in import_module
    return _bootstrap._gcd_import(name[level:], package, level)
<frozen importlib._bootstrap>:1204: in _gcd_import
    ???
<frozen importlib._bootstrap>:1176: in _find_and_load
    ???
<frozen importlib._bootstrap>:1147: in _find_and_load_unlocked
    ???
<frozen importlib._bootstrap>:690: in _load_unlocked
    ???
..\..\AppData\Local\Programs\Python\Python311\Lib\site-packages\_pytest\assertion\rewrite.py:186: in exec_module
    exec(co, module.__dict__)
materials\tests.py:2: in <module>
    from materials.models import Course, Lesson
materials\models.py:5: in <module>
    class Course(models.Model):
materials\models.py:9: in Course
    owner = models.ForeignKey(settings.AUTH_USER_MODEL, on_delete=models.CASCADE, null=True, blank=True)
..\..\AppData\Local\Programs\Python\Python311\Lib\site-packages\django\conf\__init__.py:81: in __getattr__
    self._setup(name)
..\..\AppData\Local\Programs\Python\Python311\Lib\site-packages\django\conf\__init__.py:61: in _setup
    raise ImproperlyConfigured(
E   django.core.exceptions.ImproperlyConfigured: Requested setting AUTH_USER_MODEL, but settings are not configured. You must either define the environment variable DJANGO_SETTINGS_MODULE or call settings.configure() before accessing settings.
_______________________ ERROR collecting users/tests.py _______________________
..\..\AppData\Local\Programs\Python\Python311\Lib\site-packages\_pytest\runner.py:341: in from_call
    result: Optional[TResult] = func()
..\..\AppData\Local\Programs\Python\Python311\Lib\site-packages\_pytest\runner.py:372: in <lambda>
    call = CallInfo.from_call(lambda: list(collector.collect()), "collect")
..\..\AppData\Local\Programs\Python\Python311\Lib\site-packages\_pytest\python.py:531: in collect
    self._inject_setup_module_fixture()
..\..\AppData\Local\Programs\Python\Python311\Lib\site-packages\_pytest\python.py:545: in _inject_setup_module_fixture
    self.obj, ("setUpModule", "setup_module")
..\..\AppData\Local\Programs\Python\Python311\Lib\site-packages\_pytest\python.py:310: in obj
    self._obj = obj = self._getobj()
..\..\AppData\Local\Programs\Python\Python311\Lib\site-packages\_pytest\python.py:528: in _getobj
    return self._importtestmodule()
..\..\AppData\Local\Programs\Python\Python311\Lib\site-packages\_pytest\python.py:617: in _importtestmodule
    mod = import_path(self.path, mode=importmode, root=self.config.rootpath)
..\..\AppData\Local\Programs\Python\Python311\Lib\site-packages\_pytest\pathlib.py:567: in import_path
    importlib.import_module(module_name)
..\..\AppData\Local\Programs\Python\Python311\Lib\importlib\__init__.py:126: in import_module
    return _bootstrap._gcd_import(name[level:], package, level)
<frozen importlib._bootstrap>:1204: in _gcd_import
    ???
<frozen importlib._bootstrap>:1176: in _find_and_load
    ???
<frozen importlib._bootstrap>:1147: in _find_and_load_unlocked
    ???
<frozen importlib._bootstrap>:690: in _load_unlocked
    ???
..\..\AppData\Local\Programs\Python\Python311\Lib\site-packages\_pytest\assertion\rewrite.py:186: in exec_module
    exec(co, module.__dict__)
users\tests.py:2: in <module>
    from users.models import User
users\models.py:1: in <module>
    from django.contrib.auth.models import AbstractUser, BaseUserManager
..\..\AppData\Local\Programs\Python\Python311\Lib\site-packages\django\contrib\auth\models.py:5: in <module>
    from django.contrib.auth.base_user import AbstractBaseUser, BaseUserManager
..\..\AppData\Local\Programs\Python\Python311\Lib\site-packages\django\contrib\auth\base_user.py:43: in <module>
    class AbstractBaseUser(models.Model):
..\..\AppData\Local\Programs\Python\Python311\Lib\site-packages\django\db\models\base.py:131: in __new__
    app_config = apps.get_containing_app_config(module)
..\..\AppData\Local\Programs\Python\Python311\Lib\site-packages\django\apps\registry.py:260: in get_containing_app_config
    self.check_apps_ready()
..\..\AppData\Local\Programs\Python\Python311\Lib\site-packages\django\apps\registry.py:137: in check_apps_ready
    settings.INSTALLED_APPS
..\..\AppData\Local\Programs\Python\Python311\Lib\site-packages\django\conf\__init__.py:81: in __getattr__
    self._setup(name)
..\..\AppData\Local\Programs\Python\Python311\Lib\site-packages\django\conf\__init__.py:61: in _setup
    raise ImproperlyConfigured(
E   django.core.exceptions.ImproperlyConfigured: Requested setting INSTALLED_APPS, but settings are not configured. You must either define the environment variable DJANGO_SETTINGS_MODULE or call settings.configure() before accessing settings.
============================== warnings summary ===============================
..\..\AppData\Local\Programs\Python\Python311\Lib\site-packages\_pytest\config\__init__.py:1373
  C:\Users\DELL\AppData\Local\Programs\Python\Python311\Lib\site-packages\_pytest\config\__init__.py:1373: PytestConfigWarning: Unknown config option: DJANGO_SETTINGS_MODULE
  
    self._warn_or_fail_if_strict(f"Unknown config option: {key}\n")

-- Docs: https://docs.pytest.org/en/stable/how-to/capture-warnings.html
=========================== short test summary info ===========================
ERROR materials/tests.py - django.core.exceptions.ImproperlyConfigured: Reque...
ERROR users/tests.py - django.core.exceptions.ImproperlyConfigured: Requested...
!!!!!!!!!!!!!!!!!!! Interrupted: 2 errors during collection !!!!!!!!!!!!!!!!!!!
======================== 1 warning, 2 errors in 2.88s =========================
